package correct;

public class CorrectCrlf {

	public static void main(String[] args) throws Exception {
		// FIXME
	}

}
